// Jest Snapshot v1, https://goo.gl/fbAQLP

exports[`ReadoutItemIconStyle matches snapshot 1`] = `
.c0 {
  -webkit-flex: 0 0 80px;
  -ms-flex: 0 0 80px;
  flex: 0 0 80px;
  height: 48px;
  display: -webkit-box;
  display: -webkit-flex;
  display: -ms-flexbox;
  display: flex;
  -webkit-flex-direction: column;
  -ms-flex-direction: column;
  flex-direction: column;
  -webkit-align-items: center;
  -webkit-box-align: center;
  -ms-flex-align: center;
  align-items: center;
  text-align: center;
}

<div
  className="c0"
/>
`;
