// Jest Snapshot v1, https://goo.gl/fbAQLP

exports[`CancelX matches snapshot 1`] = `
.c0 {
  cursor: pointer;
  height: 24px;
  position: absolute;
  right: 16px;
  top: 16px;
  -webkit-transition: all 0.3s ease;
  transition: all 0.3s ease;
  width: 24px;
}

.c0:hover,
.c0:focus {
  -webkit-transform: scale(1.25);
  -ms-transform: scale(1.25);
  transform: scale(1.25);
  -webkit-transition: all 0.1s ease;
  transition: all 0.1s ease;
}

.c0:active {
  -webkit-transform: scale(1.1);
  -ms-transform: scale(1.1);
  transform: scale(1.1);
  -webkit-transition: all 0;
  transition: all 0;
}

<span
  className="c0"
/>
`;
