// Jest Snapshot v1, https://goo.gl/fbAQLP

exports[`TabGroup matches snapshot 1`] = `
.c0 {
  -webkit-flex: 1 1 1%;
  -ms-flex: 1 1 1%;
  flex: 1 1 1%;
  display: -webkit-box;
  display: -webkit-flex;
  display: -ms-flexbox;
  display: flex;
  -webkit-flex-direction: column;
  -ms-flex-direction: column;
  flex-direction: column;
  -webkit-align-items: stretch;
  -webkit-box-align: stretch;
  -ms-flex-align: stretch;
  align-items: stretch;
}

<div
  className="c0"
/>
`;
