// Jest Snapshot v1, https://goo.gl/fbAQLP

exports[`SparklineCol matches snapshot 1`] = `
.c0 {
  -webkit-flex: 1 1 12%;
  -ms-flex: 1 1 12%;
  flex: 1 1 12%;
  text-align: left;
  height: 24px;
  padding-top: 4px;
  padding-bottom: 4px;
}

.c0 svg {
  height: inherit;
}

<div
  className="c0"
/>
`;
