// Jest Snapshot v1, https://goo.gl/fbAQLP

exports[`TableColHeaderThread matches snapshot 1`] = `
.c0 {
  -webkit-flex: 1 1 12%;
  -ms-flex: 1 1 12%;
  flex: 1 1 12%;
  text-align: left;
  padding-right: 16px;
  padding-top: 7px;
  padding-bottom: 7px;
  overflow: hidden;
  text-overflow: ellipsis;
  white-space: nowrap;
  -webkit-flex: 0 1 5em;
  -ms-flex: 0 1 5em;
  flex: 0 1 5em;
}

.c0:first-child {
  padding-left: 16px;
}

<div
  className="c0"
/>
`;
