// Jest Snapshot v1, https://goo.gl/fbAQLP

exports[`TableCol matches snapshot 1`] = `
.c0 {
  -webkit-flex: 1 1 12%;
  -ms-flex: 1 1 12%;
  flex: 1 1 12%;
  text-align: left;
}

<div
  className="c0"
/>
`;
