// Jest Snapshot v1, https://goo.gl/fbAQLP

exports[`TableColArray matches snapshot 1`] = `
.c0 {
  -webkit-flex: 1 1 12%;
  -ms-flex: 1 1 12%;
  flex: 1 1 12%;
  text-align: left;
  text-align: right;
}

.c0 span + span {
  font-size: 80%;
  opacity: 0.8;
}

<div
  className="c0"
/>
`;
