// Jest Snapshot v1, https://goo.gl/fbAQLP

exports[`DataSparkline matches snapshot 1`] = `
.c0 {
  opacity: 0.7;
  text-align: left;
  display: inline-block;
  width: 6em;
  padding-left: 8px;
  height: 24px;
}

<div
  className="c0"
/>
`;
