// Jest Snapshot v1, https://goo.gl/fbAQLP

exports[`ThreadsTable component Matched the snapshot 1`] = `
<ThreadsTable
  filteredThreadData={Array []}
  groupByAttribute="none"
  store={
    Object {
      "clearActions": [Function],
      "dispatch": [Function],
      "getActions": [Function],
      "getState": [Function],
      "replaceReducer": [Function],
      "subscribe": [Function],
    }
  }
>
  <styled.div>
    <div
      className="sc-gqjmRU fDbTMp"
    >
      <ThreadsTableHeader>
        <styled.div>
          <div
            className="sc-bdVaJa enQjcb"
          >
            <styled.div
              style={
                Object {
                  "textAlign": "center",
                }
              }
            >
              <div
                className="sc-bxivhb eIKaXf"
                style={
                  Object {
                    "textAlign": "center",
                  }
                }
              >
                State
              </div>
            </styled.div>
            <styled.div
              style={
                Object {
                  "textAlign": "center",
                }
              }
            >
              <div
                className="sc-bxivhb eIKaXf"
                style={
                  Object {
                    "textAlign": "center",
                  }
                }
              >
                ID
              </div>
            </styled.div>
            <styled.div>
              <div
                className="sc-htpNat dvYNGM"
              >
                Name
              </div>
            </styled.div>
            <styled.div
              style={
                Object {
                  "textAlign": "right",
                }
              }
            >
              <div
                className="sc-bxivhb eIKaXf"
                style={
                  Object {
                    "textAlign": "right",
                  }
                }
              >
                Daemon
              </div>
            </styled.div>
            <styled.div
              style={
                Object {
                  "textAlign": "right",
                }
              }
            >
              <div
                className="sc-bxivhb eIKaXf"
                style={
                  Object {
                    "textAlign": "right",
                  }
                }
              >
                Priority
              </div>
            </styled.div>
            <styled.div>
              <div
                className="sc-bxivhb eIKaXf"
              />
            </styled.div>
          </div>
        </styled.div>
      </ThreadsTableHeader>
      <ThreadsList
        threads={Array []}
      >
        <styled.ol>
          <ol
            className="sc-ifAKCX dBhpth"
          />
        </styled.ol>
      </ThreadsList>
    </div>
  </styled.div>
</ThreadsTable>
`;
