// Jest Snapshot v1, https://goo.gl/fbAQLP

exports[`Breadcrumb matches snapshot 1`] = `
.c0 {
  -webkit-align-items: center;
  -webkit-box-align: center;
  -ms-flex-align: center;
  align-items: center;
  color: black;
  display: -webkit-box;
  display: -webkit-flex;
  display: -ms-flexbox;
  display: flex;
  -webkit-flex: 0 0 auto;
  -ms-flex: 0 0 auto;
  flex: 0 0 auto;
}

.c0:before {
  content: ">";
  display: -webkit-box;
  display: -webkit-flex;
  display: -ms-flexbox;
  display: flex;
  opacity: 0.5;
  padding: 0 4px;
  -webkit-transform: scaleX(0.5);
  -ms-transform: scaleX(0.5);
  transform: scaleX(0.5);
}

.c0 a {
  color: inherit;
  display: -webkit-box;
  display: -webkit-flex;
  display: -ms-flexbox;
  display: flex;
  max-width: 100%;
  padding: 8px 0;
  text-overflow: ellipsis;
  white-space: nowrap;
}

.c0 a:hover {
  color: black;
}

.c0:first-child:before {
  content: none;
}

.c0:first-child a {
  padding-left: 16px;
}

<li
  className="c0"
/>
`;
