// Jest Snapshot v1, https://goo.gl/fbAQLP

exports[`TabIcon matches snapshot 1`] = `
<styled.span>
  <Icon />
</styled.span>
`;
