// Jest Snapshot v1, https://goo.gl/fbAQLP

exports[`ItemDisplay matches snapshot 1`] = `
.c0 {
  -webkit-align-items: center;
  -webkit-box-align: center;
  -ms-flex-align: center;
  align-items: center;
  display: -webkit-box;
  display: -webkit-flex;
  display: -ms-flexbox;
  display: flex;
  -webkit-flex: 0 1 100%;
  -ms-flex: 0 1 100%;
  flex: 0 1 100%;
  -webkit-flex: 1 1 0;
  -webkit-flex-direction: row;
  -ms-flex-direction: row;
  flex-direction: row;
  -webkit-box-pack: center;
  -webkit-justify-content: center;
  -ms-flex-pack: center;
  justify-content: center;
  min-height: 75px;
  padding: 8px 4px;
  position: relative;
}

.c0 + .c0:before {
  border-top: 1px solid currentColor;
  content: "";
  left: 0;
  opacity: 0.125;
  position: absolute;
  right: 0;
  top: 0;
}

.c0 button {
  -webkit-align-self: center;
  -ms-flex-item-align: center;
  align-self: center;
  margin: 8px 0;
}

<div
  className="c0"
/>
`;
