// Jest Snapshot v1, https://goo.gl/fbAQLP

exports[`Go Instance Routes View: <RoutesTableToolbar /> matches snapshot 1`] = `
<div
  className="sc-bwzfXH jrpUDe"
>
  <div
    className="sc-htpNat jnCRLF"
  >
    <form>
      <input
        aria-label="Search All Routes"
        className="form-control"
        onChange={[Function]}
        placeholder="Search Routes"
        type="search"
        value="topics"
      />
    </form>
  </div>
  <div
    className="sc-bxivhb WlBFC"
  >
    <div
      className="Select sc-bdVaJa bdoijW Select--single has-value"
      style={undefined}
    >
      <input
        disabled={false}
        name="form-field-group-by"
        type="hidden"
        value="route"
      />
      <div
        className="Select-control"
        onKeyDown={[Function]}
        onMouseDown={[Function]}
        onTouchEnd={[Function]}
        onTouchMove={[Function]}
        onTouchStart={[Function]}
        style={undefined}
      >
        <span
          className="Select-multi-value-wrapper"
          id="react-select-2--value"
        >
          <div
            className="Select-value"
            style={undefined}
            title={undefined}
          >
            <span
              aria-selected="true"
              className="Select-value-label"
              id="react-select-2--value-item"
              role="option"
            >
              <span>
                <span>
                  Sort 
                </span>
                <span
                  className="sc-ifAKCX dAlnhc"
                >
                  Route
                </span>
              </span>
            </span>
          </div>
          <div
            aria-activedescendant="react-select-2--value"
            aria-expanded={false}
            aria-owns=""
            aria-readonly="false"
            className="Select-input"
            onBlur={[Function]}
            onFocus={[Function]}
            role="combobox"
            style={
              Object {
                "border": 0,
                "display": "inline-block",
                "width": 1,
              }
            }
            tabIndex={0}
          />
        </span>
        <span
          className="Select-arrow-zone"
          onMouseDown={[Function]}
        >
          <span
            className="Select-arrow"
            onMouseDown={[Function]}
          />
        </span>
      </div>
    </div>
  </div>
</div>
`;
