// Jest Snapshot v1, https://goo.gl/fbAQLP

exports[`Footer should render 1`] = `
.c0 {
  -webkit-user-select: none;
  -moz-user-select: none;
  -ms-user-select: none;
  user-select: none;
  overflow: hidden;
  padding: 4px;
  display: -webkit-box;
  display: -webkit-flex;
  display: -ms-flexbox;
  display: flex;
  -webkit-flex-direction: row;
  -ms-flex-direction: row;
  flex-direction: row;
  color: rgb(51,51,51);
  background-color: rgb(255,255,255);
  font-size: 11px;
  -webkit-align-items: center;
  -webkit-box-align: center;
  -ms-flex-align: center;
  align-items: center;
  position: fixed;
  bottom: 0;
  left: 0;
  right: 0;
  height: 32px;
  z-index: 1010;
}

.c0 + * {
  padding-bottom: 32px;
}

<footer
  className="c0"
/>
`;
