// Jest Snapshot v1, https://goo.gl/fbAQLP

exports[`LongLogo should render 1`] = `
<a
  className="sc-bdVaJa kOwiZE"
/>
`;
