// Jest Snapshot v1, https://goo.gl/fbAQLP

exports[`CardTitle matches snapshot 1`] = `
.c0 {
  font-size: 11px;
  font-family: Rubik,-apple-system,BlinkMacSystemFont,"Segoe UI","Roboto","Oxygen","Ubuntu","Cantarell","Fira Sans","Droid Sans","Helvetica Neue",sans-serif;
  font-weight: 500;
  min-height: 1em;
}

<div
  className="c0"
/>
`;
